enter command: 
enter command: 
Amandine, 04 July 2024
enter command: 
