enter command: 
enter command: 
enter command: 
enter command: 
Eric, 01 June 2024
Amandine, 04 July 2024
Marta, 11 August 2024
enter command: 