enter command: 
No letters need a reply
enter command: 
