enter command: 
enter command: 
enter command: 
enter command: 
John, 07 August 2024
enter command: 
