enter command: 
usage: A <from>;<received on>
enter command: 
