enter command: 
No penpals need a reply
enter command: 
